WARNING: A restricted method in java.lang.System has been called
WARNING: java.lang.System::load has been called by net.rubygrapefruit.platform.internal.NativeLibraryLoader in an unnamed module (file:/C:/Users/blair/.gradle/wrapper/dists/gradle-9.2.1-bin/2t0n5ozlw9xmuyvbp7dnzaxug/gradle-9.2.1/lib/native-platform-0.22-milestone-29.jar)
WARNING: Use --enable-native-access=ALL-UNNAMED to avoid a warning for callers in this module
WARNING: Restricted methods will be blocked in a future release unless native access is enabled

Reusing configuration cache.
> Task :app:checkKotlinGradlePluginConfigurationErrors SKIPPED
> Task :app:preBuild UP-TO-DATE
> Task :app:preDebugBuild UP-TO-DATE
> Task :app:preDebugUnitTestBuild UP-TO-DATE
> Task :app:generateDebugBuildConfig UP-TO-DATE
> Task :app:createDebugCompatibleScreenManifests UP-TO-DATE
> Task :app:generateDebugResValues UP-TO-DATE
> Task :app:javaPreCompileDebugUnitTest UP-TO-DATE
> Task :app:javaPreCompileDebug UP-TO-DATE
> Task :app:extractDeepLinksDebug UP-TO-DATE
> Task :app:processDebugNavigationResources UP-TO-DATE
> Task :app:checkDebugAarMetadata UP-TO-DATE
> Task :app:compileDebugNavigationResources UP-TO-DATE
> Task :app:generateDebugResources UP-TO-DATE
> Task :app:mapDebugSourceSetPaths UP-TO-DATE
> Task :app:packageDebugResources UP-TO-DATE
> Task :app:processDebugMainManifest UP-TO-DATE
> Task :app:processDebugManifest UP-TO-DATE
> Task :app:parseDebugLocalResources UP-TO-DATE
> Task :app:mergeDebugResources UP-TO-DATE
> Task :app:processDebugManifestForPackage UP-TO-DATE
> Task :app:processDebugResources UP-TO-DATE

> Task :app:compileDebugKotlin
w: file:///C:/Users/blair/Documents/dev/antigravity/AirRally/app/src/main/java/com/air/pong/audio/AudioManager.kt:148:17 'when' is exhaustive so 'else' is redundant here.

> Task :app:processDebugJavaRes UP-TO-DATE
> Task :app:compileDebugJavaWithJavac
> Task :app:bundleDebugClassesToRuntimeJar UP-TO-DATE
> Task :app:bundleDebugClassesToCompileJar UP-TO-DATE
> Task :app:compileDebugUnitTestKotlin
> Task :app:processDebugUnitTestJavaRes UP-TO-DATE
> Task :app:compileDebugUnitTestJavaWithJavac NO-SOURCE

> Task :app:testDebugUnitTest FAILED

GameEngineTest > test risk probabilities FAILED
    java.lang.AssertionError at GameEngineTest.kt:308

GameEngineTest > test swing classification FAILED
    java.lang.AssertionError at GameEngineTest.kt:182

12 tests completed, 2 failed

FAILURE: Build failed with an exception.

* What went wrong:
Execution failed for task ':app:testDebugUnitTest'.
> There were failing tests. See the report at: file:///C:/Users/blair/Documents/dev/antigravity/AirRally/app/build/reports/tests/testDebugUnitTest/index.html

* Try:
> Run with --scan to generate a Build Scan (powered by Develocity).

BUILD FAILED in 5s
26 actionable tasks: 4 executed, 22 up-to-date
Configuration cache entry reused.
